../Core/Src/main.c:82:5:main	8	static
../Core/Src/main.c:158:6:SystemClock_Config	96	static
../Core/Src/main.c:209:13:MX_SPI1_Init	8	static
../Core/Src/main.c:249:13:MX_TIM6_Init	24	static
../Core/Src/main.c:287:13:MX_USART2_UART_Init	8	static
../Core/Src/main.c:322:13:MX_GPIO_Init	40	static
../Core/Src/main.c:374:6:receive	8	static
../Core/Src/main.c:389:6:HAL_UART_RxCpltCallback	16	static
../Core/Src/main.c:406:6:HAL_TIM_PeriodElapsedCallback	16	static
../Core/Src/main.c:415:6:Error_Handler	4	static,ignoring_inline_asm
