../Core/Src/main.c:82:5:main	8	static
../Core/Src/main.c:160:6:SystemClock_Config	96	static
../Core/Src/main.c:211:13:MX_SPI1_Init	8	static
../Core/Src/main.c:251:13:MX_TIM6_Init	24	static
../Core/Src/main.c:289:13:MX_USART2_UART_Init	8	static
../Core/Src/main.c:324:13:MX_GPIO_Init	40	static
../Core/Src/main.c:376:6:receive	8	static
../Core/Src/main.c:391:6:HAL_UART_RxCpltCallback	16	static
../Core/Src/main.c:408:6:HAL_TIM_PeriodElapsedCallback	16	static
../Core/Src/main.c:418:6:Error_Handler	4	static,ignoring_inline_asm
