../Core/Src/oledc.c:28:6:oledc_default_cfg	16	static
../Core/Src/oledc.c:62:6:oledc_reset	8	static
../Core/Src/oledc.c:71:6:oledc_one_arg_commands	16	static
../Core/Src/oledc.c:80:6:oledc_more_arg_commands	32	static
../Core/Src/oledc.c:94:6:oledc_fill_screen	24	static
../Core/Src/oledc.c:98:6:oledc_box_area	32	static
../Core/Src/oledc.c:136:6:oledc_text	32	static
../Core/Src/oledc.c:150:6:oledc_set_font	24	static
../Core/Src/oledc.c:158:6:oledc_pixel	24	static
../Core/Src/oledc.c:183:6:oledc_character	64	static
../Core/Src/oledc.c:284:6:oledc_numbers_fade	40	static
../Core/Src/oledc.c:296:6:oledc_text_fade	40	static
../Core/Src/oledc.c:304:6:oledc_update_number	40	static
../Core/Src/oledc.c:313:6:oledc_change_mode	48	static
../Core/Src/oledc.c:330:6:oledc_error_message	32	static
../Core/Src/oledc.c:337:6:oledc_start_screen	48	static
